// Jest Snapshot v1, https://goo.gl/fbAQLP

exports[`Header should render correctly 1`] = `
<header
  className="Header"
>
  <a
    className="Header__Logo"
    href="/"
    onClick={[Function]}
  >
    <img
      alt="Cardify"
      className="Header__Logo__Image"
      src="logo.svg"
    />
    Cardify
  </a>
</header>
`;
