// Jest Snapshot v1, https://goo.gl/fbAQLP

exports[`CardDetails should render correctly 1`] = `
<div
  className="CardDetails"
>
  Card Details Component 
  sdsd4523sw
</div>
`;
